// Jest Snapshot v1, https://goo.gl/fbAQLP

exports[`PageChooserHeader renders 1`] = `
<header
  className="w-header w-header--hasform"
>
  <div
    className="row"
  >
    <div
      className="left"
    >
      <div
        className="col"
      >
        <h1 class="w-header__title" id="header-title">
            <span className="icon-wrapper">
              <svg className="icon icon-doc-empty-inverse" aria-hidden="true">
                  <use href="#icon-doc-empty-inverse"></use>
              </svg>
            </span>
            Choose a page
          </h1>
      </div>
      <form
        className="col search-form"
        noValidate={true}
      >
        <ul
          className="fields"
        >
          <li
            className="required"
          >
            <div
              className="field char_field text_input field-small iconfield"
            >
              <label
                htmlFor="id_q"
              >
                Search term:
              </label>
              <div
                className="field-content"
              >
                <div
                  className="input icon-search "
                >
                  <input
                    disabled={true}
                    onChange={[Function]}
                    placeholder="Search"
                    type="text"
                  />
                  <span />
                </div>
              </div>
            </div>
          </li>
          <li
            className="submit visuallyhidden"
          >
            <input
              className="button"
              type="submit"
              value="Search"
            />
          </li>
        </ul>
      </form>
    </div>
    <div
      className="right"
    />
  </div>
</header>
`;
